C51 COMPILER V9.60.0.0   OLED                                                              05/22/2021 01:11:18 PAGE 1   


C51 COMPILER V9.60.0.0, COMPILATION OF MODULE OLED
OBJECT MODULE PLACED IN .\Objects\oled.obj
COMPILER INVOKED BY: D:\Keil_v5\C51\BIN\C51.EXE oled.c OPTIMIZE(8,SPEED) BROWSE INCDIR(..\keil) DEBUG OBJECTEXTEND PRINT
                    -(.\Listings\oled.lst) TABS(2) OBJECT(.\Objects\oled.obj)

line level    source

   1          /*
   2           * @Author: Eugene
   3           * @Date: 2021-05-19 17:36:40
   4           * @LastEditTime: 2021-05-21 23:29:09
   5           * @LastEditors: Eugene
   6           * @Description: 
   7           * @FilePath: \keil\oled.c
   8           */
   9          #include "oled.h"
  10          #include "char.h"
  11          #define uint unsigned int
  12          void oled_reset()
  13          {
  14   1        OLED_RESET = 0;
  15   1        delay_ms(50);
  16   1        OLED_RESET = 1;
  17   1      }
  18          
  19          void oled_send_data(uint d)
  20          {
  21   1        SPI_CS = 0;
  22   1        OLED_DC = 1;
  23   1        spi_read_write(d);
  24   1        SPI_CS = 1;
  25   1      }
  26          
  27          void oled_send_command(uint command)
  28          {
  29   1        SPI_CS = 0;
  30   1        OLED_DC = 0;
  31   1        spi_read_write(command);
  32   1        SPI_CS = 1;
  33   1      }
  34          
  35          void oled_init(void)
  36          {
  37   1      SPI_CS = 1;
  38   1        SPI_SCK = 1;
  39   1        oled_reset();
  40   1      
  41   1        oled_send_command(0xAE); // 关闭显示
  42   1        oled_send_command(0x00); // set low column address
  43   1        oled_send_command(0x10); // set high column address
  44   1        oled_send_command(0x40); // set display start line
  45   1        oled_send_command(0xA1); // 设置细分重映射 (0xA1正常,0xA0左右反置)
  46   1        oled_send_command(0xC8); // 设置列输出扫描方向 (0xC8正常,0xC0上下反置)
  47   1        oled_send_command(0xA6); // 设置正常/反向 (0xA6正常显示, 0xA7反向显示)
  48   1        oled_send_command(0xA8); // 设置多路复用比率
  49   1        oled_send_command(0x3F);
  50   1        oled_send_command(0xD3); // 设置显示偏移(垂直偏移)
  51   1        oled_send_command(0x00);
  52   1        oled_send_command(0xD5); // 设置显示时钟分频
  53   1        oled_send_command(0x80);
  54   1        oled_send_command(0xD9); // 设置预充电期
C51 COMPILER V9.60.0.0   OLED                                                              05/22/2021 01:11:18 PAGE 2   

  55   1        oled_send_command(0xF1); // 将预充电设置为15个时钟并将其放电设置为1个时钟
  56   1        oled_send_command(0xDA); // 设置COM引脚硬件配置
  57   1        oled_send_command(0x12); // 启用备用COM引脚配置
  58   1        oled_send_command(0xDB); // 设置Vcomh取消选择级别
  59   1        oled_send_command(0x00); // ~ 0.65 x VCC
  60   1        oled_send_command(0x20); // 设置内存寻址模式
  61   1        oled_send_command(0x00); // Horizontal Addressing Mode
  62   1        oled_send_command(0x8d); // 充电凹凸设置
  63   1        oled_send_command(0x14); // 在显示期间启用电荷泵
  64   1        oled_send_command(0xA4); // entire display on
  65   1        oled_send_command(0xA6); // set Normal display
  66   1        oled_send_command(0xaf); // 开启显示
  67   1      }
  68          
  69          void oled_clear(void)
  70          {
  71   1        uint i, j;
  72   1        // set page
  73   1        oled_send_command(0x22);
  74   1        oled_send_command(0x00);
  75   1        oled_send_command(0x07);
  76   1        // set column
  77   1        oled_send_command(0x21);
  78   1        oled_send_command(0x00);
  79   1        oled_send_command(0x7F);
  80   1      
  81   1        for(i = 0; i < (OLED_HEIGHT >> 3); i++)
  82   1        {
  83   2          for(j = 0; j < OLED_WIDTH; j++)
  84   2          {
  85   3            oled_send_data(0x00);
  86   3          }
  87   2        }
  88   1      }
  89          
  90          void oled_full(void)
  91          {
  92   1       uint i, j;
  93   1        // set page
  94   1        oled_send_command(0x22);
  95   1        oled_send_command(0x00);
  96   1        oled_send_command(0x07);
  97   1        // set column
  98   1        oled_send_command(0x21);
  99   1        oled_send_command(0x00);
 100   1        oled_send_command(0x7F);
 101   1      
 102   1        for(i = 0; i < (OLED_HEIGHT >> 3); i++)
 103   1        {
 104   2          for(j = 0; j < OLED_WIDTH; j++)
 105   2          {
 106   3            oled_send_data(0xFF);
 107   3          }
 108   2        }
 109   1      }
 110          
 111          void oled_put_char_8x16(uint x, uint y, char character)
 112          {
 113   1        uint i;
 114   1      
 115   1        // set page
 116   1        oled_send_command(0x22);
C51 COMPILER V9.60.0.0   OLED                                                              05/22/2021 01:11:18 PAGE 3   

 117   1        oled_send_command(y * 2);
 118   1        oled_send_command(0x01+ y * 2);
 119   1        // set column
 120   1        oled_send_command(0x21);
 121   1        oled_send_command(0x08 * x);
 122   1        oled_send_command(0x08 * x + 0x07);
 123   1      
 124   1        for(i=0; i<16; i++)
 125   1        {
 126   2          oled_send_data(CHARACTERS_8X16[character - 32][i]);
 127   2        }
 128   1      }
 129          
 130          void oled_put_chars_8x16(uint x, uint y, const char *characters)
 131          {
 132   1        uint i;
 133   1        for(i=0; *(characters+i)!='\0'; i++)
 134   1        {
 135   2          // 自动换行
 136   2          if(x + 1 > 16)
 137   2          {
 138   3            y++;
 139   3            x = 0;
 140   3          }
 141   2          oled_put_char_8x16(x++, y, *(characters+i));
 142   2        }
 143   1      }


MODULE INFORMATION:   STATIC OVERLAYABLE
   CODE SIZE        =    667    ----
   CONSTANT SIZE    =   ----    ----
   XDATA SIZE       =   ----    ----
   PDATA SIZE       =   ----    ----
   DATA SIZE        =   ----      24
   IDATA SIZE       =   ----    ----
   BIT SIZE         =   ----    ----
END OF MODULE INFORMATION.


C51 COMPILATION COMPLETE.  0 WARNING(S),  0 ERROR(S)
